<html>
<body>
<pre>
<h1>µVision Build Log</h1>
<h2>Tool Versions:</h2>
IDE-Version: ¦ÌVision V5.25.2.0
Copyright (C) 2018 ARM Ltd and ARM Germany GmbH. All rights reserved.
License Information: Caven dish, NEU, LIC=2TTEV-PQS9N-RDCK3-AF6I8-TD5AU-FSK41
 
Tool Versions:
Toolchain:       MDK-ARM Professional  Version: 5.25.2.0
Toolchain Path:  E:\Action\Keil1\ARM\ARMCC\Bin
C Compiler:      Armcc.exe V5.06 update 6 (build 750)
Assembler:       Armasm.exe V5.06 update 6 (build 750)
Linker/Locator:  ArmLink.exe V5.06 update 6 (build 750)
Library Manager: ArmAr.exe V5.06 update 6 (build 750)
Hex Converter:   FromElf.exe V5.06 update 6 (build 750)
CPU DLL:         SARMCM3.DLL V5.25.2.0
Dialog DLL:      DCM.DLL V1.17.1.0
Target DLL:      Segger\JL2CM3.dll V2.99.15.0
Dialog DLL:      TCM.DLL V1.35.1.0
 
<h2>Project:</h2>
E:\GitHub Desktop\GitHub\LURC2018\MDK-ARM\MDK-ARM\STM32F407-ACTION.uvprojx
Project File Date:  10/07/2018

<h2>Output:</h2>
*** Using Compiler 'V5.06 update 6 (build 750)', folder: 'E:\Action\Keil1\ARM\ARMCC\Bin'
Build target 'ACTION'
compiling task.c...
..\Action_User\moveBase.h(85): warning:  #1295-D: Deprecated declaration Avoidance - give arg types
  void Avoidance();
..\Action_User\moveBase.h(89): warning:  #1295-D: Deprecated declaration findMostGroup - give arg types
  int findMostGroup();
..\Action_User\task.c(109): warning:  #1035-D: single-precision operand implicitly converted to double-precision
  		dLeft=ReadLaserAValue1()*2.461+55.43;
..\Action_User\task.c(110): warning:  #1035-D: single-precision operand implicitly converted to double-precision
  		dRight=ReadLaserBValue1()*2.467+60.87;
..\Action_User\task.c(181): warning:  #1035-D: single-precision operand implicitly converted to double-precision
  		DistanceA = RA*2.461+55.43;
..\Action_User\task.c(183): warning:  #1035-D: single-precision operand implicitly converted to double-precision
  		DistanceB = RB*2.467+60.87;
..\Action_User\task.c(241): warning:  #1035-D: single-precision operand implicitly converted to double-precision
  						timeAngle -= 0.32;
..\Action_User\task.c(270): warning:  #1035-D: single-precision operand implicitly converted to double-precision
  						realAngle=scanAngle[mostGroup][t1]+1.6;
..\Action_User\task.c(343): warning:  #1035-D: single-precision operand implicitly converted to double-precision
  							rps=-0.000001104*(DistanceA+DistanceB)*(DistanceA+DistanceB)/4+0.01964*(DistanceA+DistanceB)/2+26.71+((DistanceA+DistanceB)/2-3700)/1300;
..\Action_User\task.c(345): warning:  #1035-D: single-precision operand implicitly converted to double-precision
  								rps+=(DistanceA/2+DistanceB/2-3200)*0.0037;
..\Action_User\task.c(517): warning:  #1035-D: single-precision operand implicitly converted to double-precision
  							T1-=0.0065;
..\Action_User\task.c(518): warning:  #1035-D: single-precision operand implicitly converted to double-precision
  							T0+=0.0065;
..\Action_User\task.c(521): warning:  #1035-D: single-precision operand implicitly converted to double-precision
  							T1-=0.007;
..\Action_User\task.c(522): warning:  #1035-D: single-precision operand implicitly converted to double-precision
  							T0+=0.007;
..\Action_User\task.c(535): warning:  #1035-D: single-precision operand implicitly converted to double-precision
  							T1+=0.006;
..\Action_User\task.c(536): warning:  #1035-D: single-precision operand implicitly converted to double-precision
  							T0-=0.006;
..\Action_User\task.c(539): warning:  #1035-D: single-precision operand implicitly converted to double-precision
  							T1+=0.006;
..\Action_User\task.c(540): warning:  #1035-D: single-precision operand implicitly converted to double-precision
  							T0-=0.006;
..\Action_User\task.c(640): warning:  #1035-D: single-precision operand implicitly converted to double-precision
  		rps=(sqrtf(V*V+Vy*Vy)-166.59)/39.574+(Distance-3200)*0.0051;
..\Action_User\task.c(640): warning:  #1035-D: single-precision operand implicitly converted to double-precision
  		rps=(sqrtf(V*V+Vy*Vy)-166.59)/39.574+(Distance-3200)*0.0051;
..\Action_User\task.c(643): warning:  #1035-D: single-precision operand implicitly converted to double-precision
  			rps=(sqrtf(V*V+Vy*Vy)-166.59)/39.574+(Distance-3000)*0.0043;
..\Action_User\task.c(643): warning:  #1035-D: single-precision operand implicitly converted to double-precision
  			rps=(sqrtf(V*V+Vy*Vy)-166.59)/39.574+(Distance-3000)*0.0043;
..\Action_User\task.c(96): warning:  #177-D: variable "PE1"  was declared but never referenced
  	int PE1=0,cycleCnt=0,staticShootFlag_1=0,staticShootFlag_2=0,staticShootFlag_3=0,push_Ball_Count=0,noPushCnt=0,noPushFlag=1,notFoundCnt=0,stuckTime=0;
..\Action_User\task.c(96): warning:  #177-D: variable "staticShootFlag_1"  was declared but never referenced
  	int PE1=0,cycleCnt=0,staticShootFlag_1=0,staticShootFlag_2=0,staticShootFlag_3=0,push_Ball_Count=0,noPushCnt=0,noPushFlag=1,notFoundCnt=0,stuckTime=0;
..\Action_User\task.c(96): warning:  #177-D: variable "staticShootFlag_2"  was declared but never referenced
  	int PE1=0,cycleCnt=0,staticShootFlag_1=0,staticShootFlag_2=0,staticShootFlag_3=0,push_Ball_Count=0,noPushCnt=0,noPushFlag=1,notFoundCnt=0,stuckTime=0;
..\Action_User\task.c(96): warning:  #177-D: variable "noPushCnt"  was declared but never referenced
  	int PE1=0,cycleCnt=0,staticShootFlag_1=0,staticShootFlag_2=0,staticShootFlag_3=0,push_Ball_Count=0,noPushCnt=0,noPushFlag=1,notFoundCnt=0,stuckTime=0;
..\Action_User\task.c(96): warning:  #177-D: variable "noPushFlag"  was declared but never referenced
  	int PE1=0,cycleCnt=0,staticShootFlag_1=0,staticShootFlag_2=0,staticShootFlag_3=0,push_Ball_Count=0,noPushCnt=0,noPushFlag=1,notFoundCnt=0,stuckTime=0;
..\Action_User\task.c(96): warning:  #177-D: variable "notFoundCnt"  was declared but never referenced
  	int PE1=0,cycleCnt=0,staticShootFlag_1=0,staticShootFlag_2=0,staticShootFlag_3=0,push_Ball_Count=0,noPushCnt=0,noPushFlag=1,notFoundCnt=0,stuckTime=0;
..\Action_User\task.c(97): warning:  #550-D: variable "lastCollectBallSpeed1"  was set but never used
  	int foundRange=15,collectBallSpeed1=0,collectBallSpeed2=0,lastCollectBallSpeed1=0,lastCollectBallSpeed2=0,pushBallMotorPos=0;
..\Action_User\task.c(97): warning:  #550-D: variable "lastCollectBallSpeed2"  was set but never used
  	int foundRange=15,collectBallSpeed1=0,collectBallSpeed2=0,lastCollectBallSpeed1=0,lastCollectBallSpeed2=0,pushBallMotorPos=0;
..\Action_User\task.c(98): warning:  #177-D: variable "D1"  was declared but never referenced
  	float D1=0,D2=0,distance,lastDistanceA=0,lastDistanceB=0,realAngle=0,realDistance=0,deflectAngle=0,errDistance=0,RA=0,RB=0;
..\Action_User\task.c(98): warning:  #177-D: variable "D2"  was declared but never referenced
  	float D1=0,D2=0,distance,lastDistanceA=0,lastDistanceB=0,realAngle=0,realDistance=0,deflectAngle=0,errDistance=0,RA=0,RB=0;
..\Action_User\task.c(98): warning:  #177-D: variable "distance"  was declared but never referenced
  	float D1=0,D2=0,distance,lastDistanceA=0,lastDistanceB=0,realAngle=0,realDistance=0,deflectAngle=0,errDistance=0,RA=0,RB=0;
..\Action_User\task.c(100): warning:  #550-D: variable "scanFlag_1"  was set but never used
  	int goalCnt=0,scanFlag_1=0,scanFlag_2=0,goalFlag=0,mostGroup=0,OnlyFlag=1,scanErrCnt=0,scanErrFlag=0,scanFlag_Ok=0;
..\Action_User\task.c(100): warning:  #550-D: variable "scanFlag_2"  was set but never used
  	int goalCnt=0,scanFlag_1=0,scanFlag_2=0,goalFlag=0,mostGroup=0,OnlyFlag=1,scanErrCnt=0,scanErrFlag=0,scanFlag_Ok=0;
..\Action_User\task.c(101): warning:  #177-D: variable "staticShootAngle_1"  was declared but never referenced
  	float staticShootAngle_1=0,timeAngle=16,DistanceA=0,DistanceB=0,lightAngle=0,staticShootAngle_2=0;
..\Action_User\task.c(101): warning:  #177-D: variable "staticShootAngle_2"  was declared but never referenced
  	float staticShootAngle_1=0,timeAngle=16,DistanceA=0,DistanceB=0,lightAngle=0,staticShootAngle_2=0;
..\Action_User\task.c(102): warning:  #177-D: variable "statusChangeFlag"  was declared but never referenced
  	int pushBallCount=0,statusChangeFlag=0,noBallCount=0,staticPushBallFlag=1,laserModelCount=0,findBallModelCount=0,realCount=0,lastSemiPushCount,lastCount,time=0;
..\Action_User\task.c(102): warning:  #177-D: variable "staticPushBallFlag"  was declared but never referenced
  	int pushBallCount=0,statusChangeFlag=0,noBallCount=0,staticPushBallFlag=1,laserModelCount=0,findBallModelCount=0,realCount=0,lastSemiPushCount,lastCount,time=0;
..\Action_User\task.c(102): warning:  #177-D: variable "findBallModelCount"  was declared but never referenced
  	int pushBallCount=0,statusChangeFlag=0,noBallCount=0,staticPushBallFlag=1,laserModelCount=0,findBallModelCount=0,realCount=0,lastSemiPushCount,lastCount,time=0;
..\Action_User\task.c(102): warning:  #177-D: variable "realCount"  was declared but never referenced
  	int pushBallCount=0,statusChangeFlag=0,noBallCount=0,staticPushBallFlag=1,laserModelCount=0,findBallModelCount=0,realCount=0,lastSemiPushCount,lastCount,time=0;
..\Action_User\task.c(103): warning:  #550-D: variable "realRps"  was set but never used
  	float dLeft=0,dRight=0,Vx,Vy,V,shootAngle,realRps;
..\Action_User\task.c: 42 warnings, 0 errors
linking...
Program Size: Code=65140 RO-data=1460 RW-data=532 ZI-data=61516  
FromELF: creating hex file...
".\Obj\STM32F407-ACTION.axf" - 0 Error(s), 42 Warning(s).

<h2>Software Packages used:</h2>

Package Vendor: Keil
                http://www.keil.com/pack/Keil.STM32F4xx_DFP.2.13.0.pack
                Keil.STM32F4xx_DFP.2.13.0
                STMicroelectronics STM32F4 Series Device Support, Drivers and Examples

<h2>Collection of Component include folders:</h2>
  .\RTE\_ACTION
  E:\Keil1\Keil\STM32F4xx_DFP\2.13.0\Drivers\CMSIS\Device\ST\STM32F4xx\Include

<h2>Collection of Component Files used:</h2>
Build Time Elapsed:  00:00:01
</pre>
</body>
</html>
